0 verbose cli /usr/local/bin/node /usr/local/bin/npm
1 info using npm@10.9.3
2 info using node@v22.19.0
3 silly config load:file:/usr/local/lib/node_modules/npm/npmrc
4 silly config load:file:/Users/admin/Library/Caches/typescript/5.9/.npmrc
5 silly config load:file:/Users/admin/.npmrc
6 silly config load:file:/usr/local/etc/npmrc
7 verbose title npm install types-registry@latest
8 verbose argv "install" "--ignore-scripts" "types-registry@latest"
9 verbose logfile logs-max:10 dir:/Users/admin/.npm/_logs/2025-09-21T05_53_16_138Z-
10 verbose logfile /Users/admin/.npm/_logs/2025-09-21T05_53_16_138Z-debug-0.log
11 silly logfile done cleaning log files
12 silly packumentCache heap:4345298944 maxSize:1086324736 maxEntrySize:543162368
13 silly packumentCache corgi:https://registry.npmjs.org/types-registry cache-miss
14 http fetch GET 200 https://registry.npmjs.org/types-registry 110ms (cache revalidated)
15 silly packumentCache corgi:https://registry.npmjs.org/types-registry set size:608332 disposed:false
16 silly idealTree buildDeps
17 silly fetch manifest types-registry@0.1.739
18 silly packumentCache full:https://registry.npmjs.org/types-registry cache-miss
19 http fetch GET 200 https://registry.npmjs.org/types-registry 48ms (cache revalidated)
20 silly packumentCache full:https://registry.npmjs.org/types-registry set size:1299731 disposed:false
21 silly placeDep ROOT types-registry@0.1.739 REPLACE for:  want: 0.1.739
22 silly reify moves {}
23 silly audit bulk request {
23 silly audit   '@types/react': [ '19.1.13' ],
23 silly audit   csstype: [ '3.1.3' ],
23 silly audit   'types-registry': [ '0.1.739' ]
23 silly audit }
24 http fetch POST 200 https://registry.npmjs.org/-/npm/v1/security/advisories/bulk 207ms
25 silly audit report {}
26 verbose cwd /Users/admin/Library/Caches/typescript/5.9
27 verbose os Darwin 24.6.0
28 verbose node v22.19.0
29 verbose npm  v10.9.3
30 verbose exit 0
31 info ok
