0 verbose cli /usr/local/bin/node /usr/local/bin/npm
1 info using npm@10.9.3
2 info using node@v22.19.0
3 silly config load:file:/usr/local/lib/node_modules/npm/npmrc
4 silly config load:file:/Users/admin/Library/Caches/typescript/5.9/.npmrc
5 silly config load:file:/Users/admin/.npmrc
6 silly config load:file:/usr/local/etc/npmrc
7 verbose title npm install types-registry@latest
8 verbose argv "install" "--ignore-scripts" "types-registry@latest"
9 verbose logfile logs-max:10 dir:/Users/admin/.npm/_logs/2025-09-21T04_41_05_415Z-
10 verbose logfile /Users/admin/.npm/_logs/2025-09-21T04_41_05_415Z-debug-0.log
11 silly logfile done cleaning log files
12 silly packumentCache heap:4345298944 maxSize:1086324736 maxEntrySize:543162368
13 silly packumentCache corgi:https://registry.npmjs.org/types-registry cache-miss
14 http fetch GET 200 https://registry.npmjs.org/types-registry 100ms (cache miss)
15 silly packumentCache corgi:https://registry.npmjs.org/types-registry set size:undefined disposed:false
16 silly idealTree buildDeps
17 silly fetch manifest types-registry@0.1.739
18 silly packumentCache full:https://registry.npmjs.org/types-registry cache-miss
19 http fetch GET 200 https://registry.npmjs.org/npm 163ms
20 http fetch GET 200 https://registry.npmjs.org/types-registry 77ms (cache miss)
21 silly packumentCache full:https://registry.npmjs.org/types-registry set size:undefined disposed:false
22 silly placeDep ROOT types-registry@0.1.739 OK for:  want: 0.1.739
23 silly reify moves {}
24 silly audit bulk request { 'types-registry': [ '0.1.739' ] }
25 http cache types-registry@https://registry.npmjs.org/types-registry/-/types-registry-0.1.739.tgz 0ms (cache hit)
26 silly tarball no local data for types-registry@https://registry.npmjs.org/types-registry/-/types-registry-0.1.739.tgz. Extracting by manifest.
27 http fetch GET 200 https://registry.npmjs.org/types-registry/-/types-registry-0.1.739.tgz 95ms (cache miss)
28 http fetch POST 200 https://registry.npmjs.org/-/npm/v1/security/advisories/bulk 200ms
29 silly audit report {}
30 silly ADD node_modules/types-registry
31 verbose cwd /Users/admin/Library/Caches/typescript/5.9
32 verbose os Darwin 24.6.0
33 verbose node v22.19.0
34 verbose npm  v10.9.3
35 notice
35 notice New major version of npm available! 10.9.3 -> 11.6.0
35 notice Changelog: https://github.com/npm/cli/releases/tag/v11.6.0
35 notice To update run: npm install -g npm@11.6.0
35 notice  { force: true, [Symbol(proc-log.meta)]: true }
36 verbose exit 0
37 info ok
